<html>
<body>
<pre>
<h1>µVision Build Log</h1>
<h2>Tool Versions:</h2>
IDE-Version: µVision V5.37.0.0
Copyright (C) 2022 ARM Ltd and ARM Germany GmbH. All rights reserved.
License Information: Aluno Aluno, Aluno, LIC=----
 
Tool Versions:
Toolchain:       MDK-Lite  Version: 5.37.0.0
Toolchain Path:  C:\Keil_v5\ARM\ARMCC\Bin
C Compiler:      Armcc.exe V5.06 update 7 (build 960)
Assembler:       Armasm.exe V5.06 update 7 (build 960)
Linker/Locator:  ArmLink.exe V5.06 update 7 (build 960)
Library Manager: ArmAr.exe V5.06 update 7 (build 960)
Hex Converter:   FromElf.exe V5.06 update 7 (build 960)
CPU DLL:         SARMCM3.DLL V5.37.0.0
Dialog DLL:      DARMCM1.DLL V1.19.6.0
Target DLL:      STLink\ST-LINKIII-KEIL_SWO.dll V3.0.9.0
Dialog DLL:      TARMCM1.DLL V1.14.6.0
 
<h2>Project:</h2>
C:\Users\Aluno\Documents\github\treinamento-stm32\xadrez rupestre\MDK-ARM\xadrez rupestre.uvprojx
Project File Date:  02/09/2023

<h2>Output:</h2>
*** Using Compiler 'V5.06 update 7 (build 960)', folder: 'C:\Keil_v5\ARM\ARMCC\Bin'
Build target 'xadrez rupestre'
compiling main.c...
../Core/Src/main.c(45): warning:  #188-D: enumerated type mixed with another type
  	write(rs, cmd);
../Core/Src/main.c(47): warning:  #188-D: enumerated type mixed with another type
  	write(d7, data & 0x80);
../Core/Src/main.c(48): warning:  #188-D: enumerated type mixed with another type
  	write(d6, data & 0x40);
../Core/Src/main.c(49): warning:  #188-D: enumerated type mixed with another type
  	write(d5, data & 0x20);
../Core/Src/main.c(50): warning:  #188-D: enumerated type mixed with another type
  	write(d4, data & 0x10);
../Core/Src/main.c(52): warning:  #188-D: enumerated type mixed with another type
  	write(e, 1);
../Core/Src/main.c(54): warning:  #188-D: enumerated type mixed with another type
  	write(e, 0);
../Core/Src/main.c(56): warning:  #188-D: enumerated type mixed with another type
  	write(d7, data & 0x8);
../Core/Src/main.c(57): warning:  #188-D: enumerated type mixed with another type
  	write(d6, data & 0x4);
../Core/Src/main.c(58): warning:  #188-D: enumerated type mixed with another type
  	write(d5, data & 0x2);
../Core/Src/main.c(59): warning:  #188-D: enumerated type mixed with another type
  	write(d4, data & 0x1);
../Core/Src/main.c(61): warning:  #188-D: enumerated type mixed with another type
  	write(e, 1);
../Core/Src/main.c(63): warning:  #188-D: enumerated type mixed with another type
  	write(e, 0);
../Core/Src/main.c(97): warning:  #167-D: argument of type "uint8_t *" is incompatible with parameter of type "char *restrict"
  	sprintf(buff, "CODIGO DE ERRO %d", cod);
../Core/Src/main.c(115): warning:  #188-D: enumerated type mixed with another type
  	write(nss, 0);
../Core/Src/main.c(117): warning:  #188-D: enumerated type mixed with another type
  	write(nss, 1);
../Core/Src/main.c(125): warning:  #188-D: enumerated type mixed with another type
  	write(nss, 0);
../Core/Src/main.c(127): warning:  #188-D: enumerated type mixed with another type
  	write(nss, 1);
../Core/Src/main.c(343): warning:  #167-D: argument of type "uint8_t *" is incompatible with parameter of type "char *restrict"
  				sprintf(buff, "Selec. peao no. %d   ", (*blink).id);
../Core/Src/main.c(377): warning:  #167-D: argument of type "uint8_t *" is incompatible with parameter of type "char *restrict"
  				sprintf(buff, "Movendo peao no. %d  ", sel);
../Core/Src/main.c(382): warning:  #186-D: pointless comparison of unsigned integer with zero
  					if(intent.y >= 0 && intent.y < 7) intent.y++;
../Core/Src/main.c(394): warning:  #186-D: pointless comparison of unsigned integer with zero
  					if(intent.x >= 0 && intent.x < 7) intent.x++;
../Core/Src/main.c(425): warning:  #940-D: missing return statement at end of non-void function "task1" 
  }
../Core/Src/main.c(625): warning:  #188-D: enumerated type mixed with another type
  	write(rck, 1);
../Core/Src/main.c(626): warning:  #188-D: enumerated type mixed with another type
  	write(rck, 0);
../Core/Src/main.c: 25 warnings, 0 errors
linking...
Program Size: Code=9744 RO-data=252 RW-data=60 ZI-data=2588  
FromELF: creating hex file...
"xadrez rupestre\xadrez rupestre.axf" - 0 Error(s), 25 Warning(s).

<h2>Software Packages used:</h2>

Package Vendor: ARM
                http://www.keil.com/pack/ARM.CMSIS.5.9.0.pack
                ARM.CMSIS.5.9.0
                CMSIS (Common Microcontroller Software Interface Standard)
   * Component: CORE Version: 5.6.0

Package Vendor: Keil
                http://www.keil.com/pack/Keil.STM32L0xx_DFP.2.2.0.pack
                Keil.STM32L0xx_DFP.2.2.0
                STMicroelectronics STM32L0 Series Device Support, Drivers and Examples

<h2>Collection of Component include folders:</h2>
  ./RTE/_xadrez_rupestre
  C:/Arm/Packs/ARM/CMSIS/5.9.0/CMSIS/Core/Include
  C:/Arm/Packs/Keil/STM32L0xx_DFP/2.2.0/Drivers/CMSIS/Device/ST/STM32L0xx/Include

<h2>Collection of Component Files used:</h2>

   * Component: ARM::CMSIS:CORE:5.6.0
      Include file:  CMSIS/Core/Include/tz_context.h
Build Time Elapsed:  00:00:01
</pre>
</body>
</html>
